           *******************************************************
                            Listing of SPARK Text
                              Examiner GPL 2011
             Copyright (C) 2011 Altran Praxis Limited, Bath, U.K.
           *******************************************************


                        DATE : 31-MAY-2014 19:43:59.71

Line
   1  with Measures;
   2  with Heart;
   3  with HRM;
   4  with ImpulseGenerator;
   5  with ICD;
   6  
   7  package body ClosedLoop is
   8   	procedure Init(cl : out ClosedLoopType) is
   9  	begin
  10     		--Initalise hrt, monitor, gen, icd
  11  		Heart.Init(cl.Hrt);
  12  		HRM.Init(cl.Monitor);
  13  		ICD.Init(cl.Icds);
  14  		ImpulseGenerator.Init(cl.Generator);
  15  
  16  		cl.IsOn 				:= False;
  17  
  18  	end Init;

+++        Flow analysis of subprogram Init performed: no 
           errors found.

  19  
  20  	procedure Off (cl : in out ClosedLoopType) is
  21  	begin
  22  		-- set all components to Off
  23  		ICD.Off(cl.Icds);
  24      	HRM.Off(cl.Monitor);
  25  		ImpulseGenerator.Off(cl.Generator);
  26  	end Off;

+++        Flow analysis of subprogram Off performed: no 
           errors found.

  27  
  28  	procedure On (cl : in out ClosedLoopType) is
  29  	begin
  30  		HRM.On(cl.Monitor, cl.Hrt);
  31  		ImpulseGenerator.On(cl.Generator);
  32  		Heart.Init(cl.Hrt);
  33  		HRM.GetRate(cl.Monitor, cl.Icds.Rate);
  34  		ICD.On(cl.Icds);
  35  	end On;

+++        Flow analysis of subprogram On performed: no 
           errors found.

  36  
  37  	procedure setTachycardiaBound (cl : in out ClosedLoopType; ub : in Integer) is
  38  	begin
  39  		ICD.setTachycardiaBound(cl.Icds, ub);
  40  	end setTachycardiaBound;

+++        Flow analysis of subprogram setTachycardiaBound 
           performed: no errors found.

  41  
  42  	procedure setFibrillationBound (cl : in out ClosedLoopType; ub : in Integer) is
  43  	begin
  44  		ICD.setFibrillationBound(cl.Icds, ub);
  45  	end setFibrillationBound;

+++        Flow analysis of subprogram setFibrillationBound 
           performed: no errors found.

  46  
  47  	procedure tick (cl: in out ClosedLoopType) is 
  48  	begin
  49  		-- tick all components
  50  		Heart.Tick(cl.Hrt);
  51  		HRM.Tick(cl.Monitor, cl.Hrt);
  52  		ICD.Tick(cl.Icds, cl.Monitor, cl.Generator);
  53  		ImpulseGenerator.Tick(cl.Generator, cl.Hrt);
  54  
  55  	end tick;

+++        Flow analysis of subprogram tick performed: no 
           errors found.

  56  
  57  	function IsOn(cl: in ClosedLoopType) return Boolean is
  58    	begin
  59      	return cl.IsOn;
  60  	end IsOn;

+++        Flow analysis of subprogram IsOn performed: no 
           errors found.

  61  	
  62  end ClosedLoop;
No summarized warnings



--End of file--------------------------------------------------
